<html>
<body>
<pre>
<h1>礦ision Build Log</h1>
<h2>Tool Versions:</h2>
IDE-Version: μVision V5.23.0.0
Copyright (C) 2017 ARM Ltd and ARM Germany GmbH. All rights reserved.
License Information: 王 草凡, 辽宁科技大学, LIC=ZB4EI-T6KB6-WFLI7-EI69R-BBKKJ-03E65
 
Tool Versions:
Toolchain:       MDK-ARM Plus  Version: 5.23
Toolchain Path:  E:\MDK\ARM\ARMCC\Bin
C Compiler:      Armcc.exe V5.06 update 4 (build 422)
Assembler:       Armasm.exe V5.06 update 4 (build 422)
Linker/Locator:  ArmLink.exe V5.06 update 4 (build 422)
Library Manager: ArmAr.exe V5.06 update 4 (build 422)
Hex Converter:   FromElf.exe V5.06 update 4 (build 422)
CPU DLL:         SARMCM3.DLL V5.23
Dialog DLL:      DCM.DLL V1.15.0.0
Target DLL:      STLink\ST-LINKIII-KEIL_SWO.dll V2.0.18.0
Dialog DLL:      TCM.DLL V1.27.0.0
 
<h2>Project:</h2>
E:\DJI work\2023-standard 2.1\MDK-ARM\2023-standard.uvprojx
Project File Date:  05/04/2023

<h2>Output:</h2>
*** Using Compiler 'V5.06 update 4 (build 422)', folder: 'E:\MDK\ARM\ARMCC\Bin'
Build target '2023-standard'
compiling haltick.c...
..\bsp\Src\haltick.c(3): warning:  #550-D: variable "haltick"  was set but never used
    uint32_t haltick = 0;
..\bsp\Src\haltick.c: 1 warning, 0 errors
compiling bsp_iic.c...
../bsp/Inc/bsp_iic.h(34): warning:  #1-D: last line of file ends without a newline
  											
..\bsp\Src\bsp_iic.c: 1 warning, 0 errors
compiling bmi088_driver.c...
linking...
Program Size: Code=16890 RO-data=458 RW-data=636 ZI-data=2956  
FromELF: creating hex file...
"2023-standard\2023-standard.axf" - 0 Error(s), 2 Warning(s).

<h2>Software Packages used:</h2>

Package Vendor: ARM
                http://www.keil.com/pack/ARM.CMSIS.5.0.1.pack
                ARM::CMSIS:CORE:5.0.1
                CMSIS (Cortex Microcontroller Software Interface Standard)
   * Component: CORE Version: 5.0.1

<h2>Collection of Component include folders:</h2>
  .\RTE\_2023-standard
  E:\MDK\ARM\PACK\ARM\CMSIS\5.0.1\CMSIS\Include
  E:\MDK\ARM\PACK\Keil\STM32F4xx_DFP\2.9.0\Drivers\CMSIS\Device\ST\STM32F4xx\Include

<h2>Collection of Component Files used:</h2>

   * Component: ARM::CMSIS:CORE:5.0.1
Build Time Elapsed:  00:00:02
</pre>
</body>
</html>
